imadokeisuke@kondokeisukes-MacBook-Air git_tutorial % mkdir git_challenge
imadokeisuke@kondokeisukes-MacBook-Air git_tutorial % cd git_challenge
imadokeisuke@kondokeisukes-MacBook-Air git_challenge % git init
Initialized empty Git repository in /Users/imadokeisuke/git_tutorial/git_challenge/.git/
imadokeisuke@kondokeisukes-MacBook-Air git_challenge % git add hello_world.txt
imadokeisuke@kondokeisukes-MacBook-Air git_challenge % git commit -m "hello_world.txtを追加"
[master (root-commit) 695923a] hello_world.txtを追加
 1 file changed, 1 insertion(+)
 create mode 100755 hello_world.txt
imadokeisuke@kondokeisukes-MacBook-Air git_challenge % git log
commit 695923ab4ab49e3f6dfe52b7a6cd221580df076a (HEAD -> master)
Author: ImadoKeisuke <ksk.jp.ima@gmail.com>
Date:   Sat Feb 10 11:48:50 2024 +0900

    hello_world.txtを追加
imadokeisuke@kondokeisukes-MacBook-Air git_challenge % 
imadokeisuke@kondokeisukes-MacBook-Air git_challenge % git add hello_world.txt
imadokeisuke@kondokeisukes-MacBook-Air git_challenge % git commit -m "日本語訳を追記"
[master a3bd464] 日本語訳を追記
 1 file changed, 2 insertions(+), 1 deletion(-)
imadokeisuke@kondokeisukes-MacBook-Air git_challenge % git log --oneline
a3bd464 (HEAD -> master) 日本語訳を追記
695923a hello_world.txtを追加
